Godot Engine v4.6.1.stable.mono.official.14d19694e - https://godotengine.org

ERROR: Failed to read the root certificate store.
   at: get_system_ca_certificates (platform/windows/os_windows.cpp:2570)
WARNING: [GraphBlackboardRuntime] No GraphBlackboardNode was found. Global blackboard reads will use defaults.
   at: GraphBlackboardRuntime..ctor(GraphBlackboardNode) (res://addons/GraphPlugin/runtime/blackboard/GraphBlackboardRuntime.cs:43)
   C# backtrace (most recent call first):
       [0] void Godot.GD.PushWarning(string) (/root/godot/modules/mono/glue/GodotSharp/GodotSharp/Core/GD.cs:396)
       [1] GraphBlackboardRuntime..ctor(GraphBlackboardNode) (D:\Project\GitHub\yu\addons\GraphPlugin\runtime\blackboard\GraphBlackboardRuntime.cs:43)
       [2] GameLogic.CharacterGraphRuntime..ctor(GameLogic.CharacterGraphAsset, GameLogic.GameObject2D, GameLogic.ICharacterInputProvider) (D:\Project\GitHub\yu\scripts\gamelogic\character\graph\CharacterGraphRuntime.cs:13)
       [3] void CharacterGraphRuntimeSmokeTest.VerifyLifecycleAndNonReentrancy() (D:\Project\GitHub\yu\scripts\test\CharacterGraphRuntimeSmokeTest.cs:254)
       [4] void CharacterGraphRuntimeSmokeTest.Run() (D:\Project\GitHub\yu\scripts\test\CharacterGraphRuntimeSmokeTest.cs:30)
       [5] void CharacterGraphRuntimeSmokeTest._Ready() (D:\Project\GitHub\yu\scripts\test\CharacterGraphRuntimeSmokeTest.cs:15)
       [6] bool Godot.Node.InvokeGodotClassMethod(Godot.NativeInterop.godot_string_name&, Godot.NativeInterop.NativeVariantPtrArgs, Godot.NativeInterop.godot_variant&) (/root/godot/modules/mono/glue/GodotSharp/GodotSharp/Generated/GodotObjects/Node.cs:2646)
       [7] bool CharacterGraphRuntimeSmokeTest.InvokeGodotClassMethod(Godot.NativeInterop.godot_string_name&, Godot.NativeInterop.NativeVariantPtrArgs, Godot.NativeInterop.godot_variant&) (D:\Project\GitHub\yu\.godot\mono\temp\obj\Debug\Godot.SourceGenerators\Godot.SourceGenerators.ScriptMethodsGenerator\CharacterGraphRuntimeSmokeTest_ScriptMethods.generated.cs:138)
       [8] Godot.NativeInterop.godot_bool Godot.Bridge.CSharpInstanceBridge.Call(nint, Godot.NativeInterop.godot_string_name*, Godot.NativeInterop.godot_variant**, int, Godot.NativeInterop.godot_variant_call_error*, Godot.NativeInterop.godot_variant*) (/root/godot/modules/mono/glue/GodotSharp/GodotSharp/Core/Bridge/CSharpInstanceBridge.cs:24)
[INFO] GameObject 'player' is ready. Ensuring PersistentId and initializing components.
[INFO] [InputModule] Initialized with action alias and group parsing.
WARNING: [GraphBlackboardRuntime] No GraphBlackboardNode was found. Global blackboard reads will use defaults.
   at: GraphBlackboardRuntime..ctor(GraphBlackboardNode) (res://addons/GraphPlugin/runtime/blackboard/GraphBlackboardRuntime.cs:43)
   C# backtrace (most recent call first):
       [0] void Godot.GD.PushWarning(string) (/root/godot/modules/mono/glue/GodotSharp/GodotSharp/Core/GD.cs:396)
       [1] GraphBlackboardRuntime..ctor(GraphBlackboardNode) (D:\Project\GitHub\yu\addons\GraphPlugin\runtime\blackboard\GraphBlackboardRuntime.cs:43)
       [2] GameLogic.CharacterGraphRuntime..ctor(GameLogic.CharacterGraphAsset, GameLogic.GameObject2D, GameLogic.ICharacterInputProvider) (D:\Project\GitHub\yu\scripts\gamelogic\character\graph\CharacterGraphRuntime.cs:13)
       [3] void GameLogic.CharacterGraphComponent2D.OnInit() (D:\Project\GitHub\yu\scripts\gamelogic\character\graph\CharacterGraphComponent2D.cs:25)
       [4] void GameLogic.GameObject2D._Ready() (D:\Project\GitHub\yu\scripts\gamelogic\gameobject\GameObject2D.cs:126)
       [5] bool Godot.Node.InvokeGodotClassMethod(Godot.NativeInterop.godot_string_name&, Godot.NativeInterop.NativeVariantPtrArgs, Godot.NativeInterop.godot_variant&) (/root/godot/modules/mono/glue/GodotSharp/GodotSharp/Generated/GodotObjects/Node.cs:2646)
       [6] bool Godot.CanvasItem.InvokeGodotClassMethod(Godot.NativeInterop.godot_string_name&, Godot.NativeInterop.NativeVariantPtrArgs, Godot.NativeInterop.godot_variant&) (/root/godot/modules/mono/glue/GodotSharp/GodotSharp/Generated/GodotObjects/CanvasItem.cs:1792)
       [7] bool Godot.Node2D.InvokeGodotClassMethod(Godot.NativeInterop.godot_string_name&, Godot.NativeInterop.NativeVariantPtrArgs, Godot.NativeInterop.godot_variant&) (/root/godot/modules/mono/glue/GodotSharp/GodotSharp/Generated/GodotObjects/Node2D.cs:557)
       [8] bool GameLogic.GameObject2D.InvokeGodotClassMethod(Godot.NativeInterop.godot_string_name&, Godot.NativeInterop.NativeVariantPtrArgs, Godot.NativeInterop.godot_variant&) (D:\Project\GitHub\yu\.godot\mono\temp\obj\Debug\Godot.SourceGenerators\Godot.SourceGenerators.ScriptMethodsGenerator\GameLogic.GameObject2D_ScriptMethods.generated.cs:150)
       [9] Godot.NativeInterop.godot_bool Godot.Bridge.CSharpInstanceBridge.Call(nint, Godot.NativeInterop.godot_string_name*, Godot.NativeInterop.godot_variant**, int, Godot.NativeInterop.godot_variant_call_error*, Godot.NativeInterop.godot_variant*) (/root/godot/modules/mono/glue/GodotSharp/GodotSharp/Core/Bridge/CSharpInstanceBridge.cs:24)
       [10] void Godot.NativeInterop.NativeFuncs.godotsharp_method_bind_ptrcall(nint, nint, System.Void**, System.Void*) (/root/godot/modules/mono/glue/GodotSharp/GodotSharp/Godot.SourceGenerators.Internal/Godot.SourceGenerators.Internal.UnmanagedCallbacksGenerator/Godot.NativeInterop.NativeFuncs.generated.cs:380)
       [11] void Godot.NativeCalls.godot_icall_3_882(nint, nint, nint, Godot.NativeInterop.godot_bool, int) (/root/godot/modules/mono/glue/GodotSharp/GodotSharp/Generated/NativeCalls.cs:7842)
       [12] void Godot.Node.AddChild(Godot.Node, bool, Godot.Node+InternalMode) (/root/godot/modules/mono/glue/GodotSharp/GodotSharp/Generated/GodotObjects/Node.cs:835)
       [13] void CharacterGraphRuntimeSmokeTest.Run() (D:\Project\GitHub\yu\scripts\test\CharacterGraphRuntimeSmokeTest.cs:35)
       [14] void CharacterGraphRuntimeSmokeTest._Ready() (D:\Project\GitHub\yu\scripts\test\CharacterGraphRuntimeSmokeTest.cs:15)
       [15] bool Godot.Node.InvokeGodotClassMethod(Godot.NativeInterop.godot_string_name&, Godot.NativeInterop.NativeVariantPtrArgs, Godot.NativeInterop.godot_variant&) (/root/godot/modules/mono/glue/GodotSharp/GodotSharp/Generated/GodotObjects/Node.cs:2646)
       [16] bool CharacterGraphRuntimeSmokeTest.InvokeGodotClassMethod(Godot.NativeInterop.godot_string_name&, Godot.NativeInterop.NativeVariantPtrArgs, Godot.NativeInterop.godot_variant&) (D:\Project\GitHub\yu\.godot\mono\temp\obj\Debug\Godot.SourceGenerators\Godot.SourceGenerators.ScriptMethodsGenerator\CharacterGraphRuntimeSmokeTest_ScriptMethods.generated.cs:138)
       [17] Godot.NativeInterop.godot_bool Godot.Bridge.CSharpInstanceBridge.Call(nint, Godot.NativeInterop.godot_string_name*, Godot.NativeInterop.godot_variant**, int, Godot.NativeInterop.godot_variant_call_error*, Godot.NativeInterop.godot_variant*) (/root/godot/modules/mono/glue/GodotSharp/GodotSharp/Core/Bridge/CSharpInstanceBridge.cs:24)
WARNING: [GraphBlackboardRuntime] No GraphBlackboardNode was found. Global blackboard reads will use defaults.
   at: GraphBlackboardRuntime..ctor(GraphBlackboardNode) (res://addons/GraphPlugin/runtime/blackboard/GraphBlackboardRuntime.cs:43)
   C# backtrace (most recent call first):
       [0] void Godot.GD.PushWarning(string) (/root/godot/modules/mono/glue/GodotSharp/GodotSharp/Core/GD.cs:396)
       [1] GraphBlackboardRuntime..ctor(GraphBlackboardNode) (D:\Project\GitHub\yu\addons\GraphPlugin\runtime\blackboard\GraphBlackboardRuntime.cs:43)
       [2] GameLogic.HfsmRuntime..ctor(GameLogic.HfsmGraphAsset, GraphBlackboardNode) (D:\Project\GitHub\yu\scripts\gamelogic\hfsm\runtime\HfsmRuntime.cs:14)
       [3] void GameLogic.CharacterAnimationComponent2D.OnInit() (D:\Project\GitHub\yu\scripts\gamelogic\character\animation\CharacterAnimationComponent2D.cs:37)
       [4] void GameLogic.GameObject2D._Ready() (D:\Project\GitHub\yu\scripts\gamelogic\gameobject\GameObject2D.cs:126)
       [5] bool Godot.Node.InvokeGodotClassMethod(Godot.NativeInterop.godot_string_name&, Godot.NativeInterop.NativeVariantPtrArgs, Godot.NativeInterop.godot_variant&) (/root/godot/modules/mono/glue/GodotSharp/GodotSharp/Generated/GodotObjects/Node.cs:2646)
       [6] bool Godot.CanvasItem.InvokeGodotClassMethod(Godot.NativeInterop.godot_string_name&, Godot.NativeInterop.NativeVariantPtrArgs, Godot.NativeInterop.godot_variant&) (/root/godot/modules/mono/glue/GodotSharp/GodotSharp/Generated/GodotObjects/CanvasItem.cs:1792)
       [7] bool Godot.Node2D.InvokeGodotClassMethod(Godot.NativeInterop.godot_string_name&, Godot.NativeInterop.NativeVariantPtrArgs, Godot.NativeInterop.godot_variant&) (/root/godot/modules/mono/glue/GodotSharp/GodotSharp/Generated/GodotObjects/Node2D.cs:557)
       [8] bool GameLogic.GameObject2D.InvokeGodotClassMethod(Godot.NativeInterop.godot_string_name&, Godot.NativeInterop.NativeVariantPtrArgs, Godot.NativeInterop.godot_variant&) (D:\Project\GitHub\yu\.godot\mono\temp\obj\Debug\Godot.SourceGenerators\Godot.SourceGenerators.ScriptMethodsGenerator\GameLogic.GameObject2D_ScriptMethods.generated.cs:150)
       [9] Godot.NativeInterop.godot_bool Godot.Bridge.CSharpInstanceBridge.Call(nint, Godot.NativeInterop.godot_string_name*, Godot.NativeInterop.godot_variant**, int, Godot.NativeInterop.godot_variant_call_error*, Godot.NativeInterop.godot_variant*) (/root/godot/modules/mono/glue/GodotSharp/GodotSharp/Core/Bridge/CSharpInstanceBridge.cs:24)
       [10] void Godot.NativeInterop.NativeFuncs.godotsharp_method_bind_ptrcall(nint, nint, System.Void**, System.Void*) (/root/godot/modules/mono/glue/GodotSharp/GodotSharp/Godot.SourceGenerators.Internal/Godot.SourceGenerators.Internal.UnmanagedCallbacksGenerator/Godot.NativeInterop.NativeFuncs.generated.cs:380)
       [11] void Godot.NativeCalls.godot_icall_3_882(nint, nint, nint, Godot.NativeInterop.godot_bool, int) (/root/godot/modules/mono/glue/GodotSharp/GodotSharp/Generated/NativeCalls.cs:7842)
       [12] void Godot.Node.AddChild(Godot.Node, bool, Godot.Node+InternalMode) (/root/godot/modules/mono/glue/GodotSharp/GodotSharp/Generated/GodotObjects/Node.cs:835)
       [13] void CharacterGraphRuntimeSmokeTest.Run() (D:\Project\GitHub\yu\scripts\test\CharacterGraphRuntimeSmokeTest.cs:35)
       [14] void CharacterGraphRuntimeSmokeTest._Ready() (D:\Project\GitHub\yu\scripts\test\CharacterGraphRuntimeSmokeTest.cs:15)
       [15] bool Godot.Node.InvokeGodotClassMethod(Godot.NativeInterop.godot_string_name&, Godot.NativeInterop.NativeVariantPtrArgs, Godot.NativeInterop.godot_variant&) (/root/godot/modules/mono/glue/GodotSharp/GodotSharp/Generated/GodotObjects/Node.cs:2646)
       [16] bool CharacterGraphRuntimeSmokeTest.InvokeGodotClassMethod(Godot.NativeInterop.godot_string_name&, Godot.NativeInterop.NativeVariantPtrArgs, Godot.NativeInterop.godot_variant&) (D:\Project\GitHub\yu\.godot\mono\temp\obj\Debug\Godot.SourceGenerators\Godot.SourceGenerators.ScriptMethodsGenerator\CharacterGraphRuntimeSmokeTest_ScriptMethods.generated.cs:138)
       [17] Godot.NativeInterop.godot_bool Godot.Bridge.CSharpInstanceBridge.Call(nint, Godot.NativeInterop.godot_string_name*, Godot.NativeInterop.godot_variant**, int, Godot.NativeInterop.godot_variant_call_error*, Godot.NativeInterop.godot_variant*) (/root/godot/modules/mono/glue/GodotSharp/GodotSharp/Core/Bridge/CSharpInstanceBridge.cs:24)
WARNING: [GraphBlackboardRuntime] No GraphBlackboardNode was found. Global blackboard reads will use defaults.
   at: GraphBlackboardRuntime..ctor(GraphBlackboardNode) (res://addons/GraphPlugin/runtime/blackboard/GraphBlackboardRuntime.cs:43)
   C# backtrace (most recent call first):
       [0] void Godot.GD.PushWarning(string) (/root/godot/modules/mono/glue/GodotSharp/GodotSharp/Core/GD.cs:396)
       [1] GraphBlackboardRuntime..ctor(GraphBlackboardNode) (D:\Project\GitHub\yu\addons\GraphPlugin\runtime\blackboard\GraphBlackboardRuntime.cs:43)
       [2] bool GameLogic.AbilityRuntime.Start(GameLogic.AbilityExecutionContext, double) (D:\Project\GitHub\yu\scripts\gamelogic\abilities\runtime\AbilityRuntime.cs:45)
       [3] GameLogic.AbilityActivationResult GameLogic.AbilitySystemComponent2D.TryActivateAbility(string, string, System.Nullable`1[System.Int32]) (D:\Project\GitHub\yu\scripts\gamelogic\abilities\runtime\AbilitySystemComponent2D.cs:118)
       [4] void CharacterGraphRuntimeSmokeTest.Run() (D:\Project\GitHub\yu\scripts\test\CharacterGraphRuntimeSmokeTest.cs:87)
       [5] void CharacterGraphRuntimeSmokeTest._Ready() (D:\Project\GitHub\yu\scripts\test\CharacterGraphRuntimeSmokeTest.cs:15)
       [6] bool Godot.Node.InvokeGodotClassMethod(Godot.NativeInterop.godot_string_name&, Godot.NativeInterop.NativeVariantPtrArgs, Godot.NativeInterop.godot_variant&) (/root/godot/modules/mono/glue/GodotSharp/GodotSharp/Generated/GodotObjects/Node.cs:2646)
       [7] bool CharacterGraphRuntimeSmokeTest.InvokeGodotClassMethod(Godot.NativeInterop.godot_string_name&, Godot.NativeInterop.NativeVariantPtrArgs, Godot.NativeInterop.godot_variant&) (D:\Project\GitHub\yu\.godot\mono\temp\obj\Debug\Godot.SourceGenerators\Godot.SourceGenerators.ScriptMethodsGenerator\CharacterGraphRuntimeSmokeTest_ScriptMethods.generated.cs:138)
       [8] Godot.NativeInterop.godot_bool Godot.Bridge.CSharpInstanceBridge.Call(nint, Godot.NativeInterop.godot_string_name*, Godot.NativeInterop.godot_variant**, int, Godot.NativeInterop.godot_variant_call_error*, Godot.NativeInterop.godot_variant*) (/root/godot/modules/mono/glue/GodotSharp/GodotSharp/Core/Bridge/CSharpInstanceBridge.cs:24)
WARNING: [GraphBlackboardRuntime] No GraphBlackboardNode was found. Global blackboard reads will use defaults.
   at: GraphBlackboardRuntime..ctor(GraphBlackboardNode) (res://addons/GraphPlugin/runtime/blackboard/GraphBlackboardRuntime.cs:43)
   C# backtrace (most recent call first):
       [0] void Godot.GD.PushWarning(string) (/root/godot/modules/mono/glue/GodotSharp/GodotSharp/Core/GD.cs:396)
       [1] GraphBlackboardRuntime..ctor(GraphBlackboardNode) (D:\Project\GitHub\yu\addons\GraphPlugin\runtime\blackboard\GraphBlackboardRuntime.cs:43)
       [2] bool GameLogic.AbilityRuntime.Start(GameLogic.AbilityExecutionContext, double) (D:\Project\GitHub\yu\scripts\gamelogic\abilities\runtime\AbilityRuntime.cs:45)
       [3] GameLogic.AbilityActivationResult GameLogic.AbilitySystemComponent2D.TryActivateAbility(string, string, System.Nullable`1[System.Int32]) (D:\Project\GitHub\yu\scripts\gamelogic\abilities\runtime\AbilitySystemComponent2D.cs:118)
       [4] GameLogic.AbilityActivationResult GameLogic.CharacterGraphRuntime.TryActivateAbility(GameLogic.CharacterAbilityNodeData) (D:\Project\GitHub\yu\scripts\gamelogic\character\graph\CharacterGraphRuntime.cs:95)
       [5] void CharacterGraphRuntimeSmokeTest.Run() (D:\Project\GitHub\yu\scripts\test\CharacterGraphRuntimeSmokeTest.cs:101)
       [6] void CharacterGraphRuntimeSmokeTest._Ready() (D:\Project\GitHub\yu\scripts\test\CharacterGraphRuntimeSmokeTest.cs:15)
       [7] bool Godot.Node.InvokeGodotClassMethod(Godot.NativeInterop.godot_string_name&, Godot.NativeInterop.NativeVariantPtrArgs, Godot.NativeInterop.godot_variant&) (/root/godot/modules/mono/glue/GodotSharp/GodotSharp/Generated/GodotObjects/Node.cs:2646)
       [8] bool CharacterGraphRuntimeSmokeTest.InvokeGodotClassMethod(Godot.NativeInterop.godot_string_name&, Godot.NativeInterop.NativeVariantPtrArgs, Godot.NativeInterop.godot_variant&) (D:\Project\GitHub\yu\.godot\mono\temp\obj\Debug\Godot.SourceGenerators\Godot.SourceGenerators.ScriptMethodsGenerator\CharacterGraphRuntimeSmokeTest_ScriptMethods.generated.cs:138)
       [9] Godot.NativeInterop.godot_bool Godot.Bridge.CSharpInstanceBridge.Call(nint, Godot.NativeInterop.godot_string_name*, Godot.NativeInterop.godot_variant**, int, Godot.NativeInterop.godot_variant_call_error*, Godot.NativeInterop.godot_variant*) (/root/godot/modules/mono/glue/GodotSharp/GodotSharp/Core/Bridge/CSharpInstanceBridge.cs:24)
[INFO] [ResourceModule] Initialized. MaxCacheSize=128, MaxConcurrent=8
[INFO] [ResourceModule] Loaded sync: 'res://assets/camera_shakes/dash_burst.tres' [RefCount=1]
[INFO] [ResourceModule] ReleaseAsset: 'res://assets/camera_shakes/dash_burst.tres' [RefCount=0]
WARNING: [GraphBlackboardRuntime] No GraphBlackboardNode was found. Global blackboard reads will use defaults.
   at: GraphBlackboardRuntime..ctor(GraphBlackboardNode) (res://addons/GraphPlugin/runtime/blackboard/GraphBlackboardRuntime.cs:43)
   C# backtrace (most recent call first):
       [0] void Godot.GD.PushWarning(string) (/root/godot/modules/mono/glue/GodotSharp/GodotSharp/Core/GD.cs:396)
       [1] GraphBlackboardRuntime..ctor(GraphBlackboardNode) (D:\Project\GitHub\yu\addons\GraphPlugin\runtime\blackboard\GraphBlackboardRuntime.cs:43)
       [2] bool GameLogic.AbilityRuntime.Start(GameLogic.AbilityExecutionContext, double) (D:\Project\GitHub\yu\scripts\gamelogic\abilities\runtime\AbilityRuntime.cs:45)
       [3] GameLogic.AbilityActivationResult GameLogic.AbilitySystemComponent2D.TryActivateAbility(string, string, System.Nullable`1[System.Int32]) (D:\Project\GitHub\yu\scripts\gamelogic\abilities\runtime\AbilitySystemComponent2D.cs:118)
       [4] void GameLogic.CharacterGraphRuntime.OnAbilityCompleted(GameLogic.AbilityRuntime) (D:\Project\GitHub\yu\scripts\gamelogic\character\graph\CharacterGraphRuntime.cs:214)
       [5] void GameLogic.AbilitySystemComponent2D.OnPhysicsUpdate(double) (D:\Project\GitHub\yu\scripts\gamelogic\abilities\runtime\AbilitySystemComponent2D.cs:43)
       [6] void CharacterGraphRuntimeSmokeTest.TickPhysics(GameLogic.GameObject2D) (D:\Project\GitHub\yu\scripts\test\CharacterGraphRuntimeSmokeTest.cs:334)
       [7] void CharacterGraphRuntimeSmokeTest.Run() (D:\Project\GitHub\yu\scripts\test\CharacterGraphRuntimeSmokeTest.cs:124)
       [8] void CharacterGraphRuntimeSmokeTest._Ready() (D:\Project\GitHub\yu\scripts\test\CharacterGraphRuntimeSmokeTest.cs:15)
       [9] bool Godot.Node.InvokeGodotClassMethod(Godot.NativeInterop.godot_string_name&, Godot.NativeInterop.NativeVariantPtrArgs, Godot.NativeInterop.godot_variant&) (/root/godot/modules/mono/glue/GodotSharp/GodotSharp/Generated/GodotObjects/Node.cs:2646)
       [10] bool CharacterGraphRuntimeSmokeTest.InvokeGodotClassMethod(Godot.NativeInterop.godot_string_name&, Godot.NativeInterop.NativeVariantPtrArgs, Godot.NativeInterop.godot_variant&) (D:\Project\GitHub\yu\.godot\mono\temp\obj\Debug\Godot.SourceGenerators\Godot.SourceGenerators.ScriptMethodsGenerator\CharacterGraphRuntimeSmokeTest_ScriptMethods.generated.cs:138)
       [11] Godot.NativeInterop.godot_bool Godot.Bridge.CSharpInstanceBridge.Call(nint, Godot.NativeInterop.godot_string_name*, Godot.NativeInterop.godot_variant**, int, Godot.NativeInterop.godot_variant_call_error*, Godot.NativeInterop.godot_variant*) (/root/godot/modules/mono/glue/GodotSharp/GodotSharp/Core/Bridge/CSharpInstanceBridge.cs:24)
WARNING: [GraphBlackboardRuntime] No GraphBlackboardNode was found. Global blackboard reads will use defaults.
   at: GraphBlackboardRuntime..ctor(GraphBlackboardNode) (res://addons/GraphPlugin/runtime/blackboard/GraphBlackboardRuntime.cs:43)
   C# backtrace (most recent call first):
       [0] void Godot.GD.PushWarning(string) (/root/godot/modules/mono/glue/GodotSharp/GodotSharp/Core/GD.cs:396)
       [1] GraphBlackboardRuntime..ctor(GraphBlackboardNode) (D:\Project\GitHub\yu\addons\GraphPlugin\runtime\blackboard\GraphBlackboardRuntime.cs:43)
       [2] GameLogic.CharacterGraphRuntime..ctor(GameLogic.CharacterGraphAsset, GameLogic.GameObject2D, GameLogic.ICharacterInputProvider) (D:\Project\GitHub\yu\scripts\gamelogic\character\graph\CharacterGraphRuntime.cs:13)
       [3] void CharacterGraphRuntimeSmokeTest.VerifyGraphMovementInput(GameLogic.GameObject2D, GameLogic.CharacterGraphAsset, GameLogic.CharacterMovementComponent2D) (D:\Project\GitHub\yu\scripts\test\CharacterGraphRuntimeSmokeTest.cs:276)
       [4] void CharacterGraphRuntimeSmokeTest.Run() (D:\Project\GitHub\yu\scripts\test\CharacterGraphRuntimeSmokeTest.cs:144)
       [5] void CharacterGraphRuntimeSmokeTest._Ready() (D:\Project\GitHub\yu\scripts\test\CharacterGraphRuntimeSmokeTest.cs:15)
       [6] bool Godot.Node.InvokeGodotClassMethod(Godot.NativeInterop.godot_string_name&, Godot.NativeInterop.NativeVariantPtrArgs, Godot.NativeInterop.godot_variant&) (/root/godot/modules/mono/glue/GodotSharp/GodotSharp/Generated/GodotObjects/Node.cs:2646)
       [7] bool CharacterGraphRuntimeSmokeTest.InvokeGodotClassMethod(Godot.NativeInterop.godot_string_name&, Godot.NativeInterop.NativeVariantPtrArgs, Godot.NativeInterop.godot_variant&) (D:\Project\GitHub\yu\.godot\mono\temp\obj\Debug\Godot.SourceGenerators\Godot.SourceGenerators.ScriptMethodsGenerator\CharacterGraphRuntimeSmokeTest_ScriptMethods.generated.cs:138)
       [8] Godot.NativeInterop.godot_bool Godot.Bridge.CSharpInstanceBridge.Call(nint, Godot.NativeInterop.godot_string_name*, Godot.NativeInterop.godot_variant**, int, Godot.NativeInterop.godot_variant_call_error*, Godot.NativeInterop.godot_variant*) (/root/godot/modules/mono/glue/GodotSharp/GodotSharp/Core/Bridge/CSharpInstanceBridge.cs:24)
[INFO] GameObject 'player' is ready. Ensuring PersistentId and initializing components.
WARNING: [GraphBlackboardRuntime] No GraphBlackboardNode was found. Global blackboard reads will use defaults.
   at: GraphBlackboardRuntime..ctor(GraphBlackboardNode) (res://addons/GraphPlugin/runtime/blackboard/GraphBlackboardRuntime.cs:43)
   C# backtrace (most recent call first):
       [0] void Godot.GD.PushWarning(string) (/root/godot/modules/mono/glue/GodotSharp/GodotSharp/Core/GD.cs:396)
       [1] GraphBlackboardRuntime..ctor(GraphBlackboardNode) (D:\Project\GitHub\yu\addons\GraphPlugin\runtime\blackboard\GraphBlackboardRuntime.cs:43)
       [2] GameLogic.CharacterGraphRuntime..ctor(GameLogic.CharacterGraphAsset, GameLogic.GameObject2D, GameLogic.ICharacterInputProvider) (D:\Project\GitHub\yu\scripts\gamelogic\character\graph\CharacterGraphRuntime.cs:13)
       [3] void GameLogic.CharacterGraphComponent2D.OnInit() (D:\Project\GitHub\yu\scripts\gamelogic\character\graph\CharacterGraphComponent2D.cs:25)
       [4] void GameLogic.GameObject2D._Ready() (D:\Project\GitHub\yu\scripts\gamelogic\gameobject\GameObject2D.cs:126)
       [5] bool Godot.Node.InvokeGodotClassMethod(Godot.NativeInterop.godot_string_name&, Godot.NativeInterop.NativeVariantPtrArgs, Godot.NativeInterop.godot_variant&) (/root/godot/modules/mono/glue/GodotSharp/GodotSharp/Generated/GodotObjects/Node.cs:2646)
       [6] bool Godot.CanvasItem.InvokeGodotClassMethod(Godot.NativeInterop.godot_string_name&, Godot.NativeInterop.NativeVariantPtrArgs, Godot.NativeInterop.godot_variant&) (/root/godot/modules/mono/glue/GodotSharp/GodotSharp/Generated/GodotObjects/CanvasItem.cs:1792)
       [7] bool Godot.Node2D.InvokeGodotClassMethod(Godot.NativeInterop.godot_string_name&, Godot.NativeInterop.NativeVariantPtrArgs, Godot.NativeInterop.godot_variant&) (/root/godot/modules/mono/glue/GodotSharp/GodotSharp/Generated/GodotObjects/Node2D.cs:557)
       [8] bool GameLogic.GameObject2D.InvokeGodotClassMethod(Godot.NativeInterop.godot_string_name&, Godot.NativeInterop.NativeVariantPtrArgs, Godot.NativeInterop.godot_variant&) (D:\Project\GitHub\yu\.godot\mono\temp\obj\Debug\Godot.SourceGenerators\Godot.SourceGenerators.ScriptMethodsGenerator\GameLogic.GameObject2D_ScriptMethods.generated.cs:150)
       [9] Godot.NativeInterop.godot_bool Godot.Bridge.CSharpInstanceBridge.Call(nint, Godot.NativeInterop.godot_string_name*, Godot.NativeInterop.godot_variant**, int, Godot.NativeInterop.godot_variant_call_error*, Godot.NativeInterop.godot_variant*) (/root/godot/modules/mono/glue/GodotSharp/GodotSharp/Core/Bridge/CSharpInstanceBridge.cs:24)
       [10] void Godot.NativeInterop.NativeFuncs.godotsharp_method_bind_ptrcall(nint, nint, System.Void**, System.Void*) (/root/godot/modules/mono/glue/GodotSharp/GodotSharp/Godot.SourceGenerators.Internal/Godot.SourceGenerators.Internal.UnmanagedCallbacksGenerator/Godot.NativeInterop.NativeFuncs.generated.cs:380)
       [11] void Godot.NativeCalls.godot_icall_3_882(nint, nint, nint, Godot.NativeInterop.godot_bool, int) (/root/godot/modules/mono/glue/GodotSharp/GodotSharp/Generated/NativeCalls.cs:7842)
       [12] void Godot.Node.AddChild(Godot.Node, bool, Godot.Node+InternalMode) (/root/godot/modules/mono/glue/GodotSharp/GodotSharp/Generated/GodotObjects/Node.cs:835)
       [13] void CharacterGraphRuntimeSmokeTest.VerifyLegacyAbilityPersistence(Godot.PackedScene, System.Text.Json.Nodes.JsonObject) (D:\Project\GitHub\yu\scripts\test\CharacterGraphRuntimeSmokeTest.cs:313)
       [14] void CharacterGraphRuntimeSmokeTest.Run() (D:\Project\GitHub\yu\scripts\test\CharacterGraphRuntimeSmokeTest.cs:151)
       [15] void CharacterGraphRuntimeSmokeTest._Ready() (D:\Project\GitHub\yu\scripts\test\CharacterGraphRuntimeSmokeTest.cs:15)
       [16] bool Godot.Node.InvokeGodotClassMethod(Godot.NativeInterop.godot_string_name&, Godot.NativeInterop.NativeVariantPtrArgs, Godot.NativeInterop.godot_variant&) (/root/godot/modules/mono/glue/GodotSharp/GodotSharp/Generated/GodotObjects/Node.cs:2646)
       [17] bool CharacterGraphRuntimeSmokeTest.InvokeGodotClassMethod(Godot.NativeInterop.godot_string_name&, Godot.NativeInterop.NativeVariantPtrArgs, Godot.NativeInterop.godot_variant&) (D:\Project\GitHub\yu\.godot\mono\temp\obj\Debug\Godot.SourceGenerators\Godot.SourceGenerators.ScriptMethodsGenerator\CharacterGraphRuntimeSmokeTest_ScriptMethods.generated.cs:138)
       [18] Godot.NativeInterop.godot_bool Godot.Bridge.CSharpInstanceBridge.Call(nint, Godot.NativeInterop.godot_string_name*, Godot.NativeInterop.godot_variant**, int, Godot.NativeInterop.godot_variant_call_error*, Godot.NativeInterop.godot_variant*) (/root/godot/modules/mono/glue/GodotSharp/GodotSharp/Core/Bridge/CSharpInstanceBridge.cs:24)
WARNING: [GraphBlackboardRuntime] No GraphBlackboardNode was found. Global blackboard reads will use defaults.
   at: GraphBlackboardRuntime..ctor(GraphBlackboardNode) (res://addons/GraphPlugin/runtime/blackboard/GraphBlackboardRuntime.cs:43)
   C# backtrace (most recent call first):
       [0] void Godot.GD.PushWarning(string) (/root/godot/modules/mono/glue/GodotSharp/GodotSharp/Core/GD.cs:396)
       [1] GraphBlackboardRuntime..ctor(GraphBlackboardNode) (D:\Project\GitHub\yu\addons\GraphPlugin\runtime\blackboard\GraphBlackboardRuntime.cs:43)
       [2] GameLogic.HfsmRuntime..ctor(GameLogic.HfsmGraphAsset, GraphBlackboardNode) (D:\Project\GitHub\yu\scripts\gamelogic\hfsm\runtime\HfsmRuntime.cs:14)
       [3] void GameLogic.CharacterAnimationComponent2D.OnInit() (D:\Project\GitHub\yu\scripts\gamelogic\character\animation\CharacterAnimationComponent2D.cs:37)
       [4] void GameLogic.GameObject2D._Ready() (D:\Project\GitHub\yu\scripts\gamelogic\gameobject\GameObject2D.cs:126)
       [5] bool Godot.Node.InvokeGodotClassMethod(Godot.NativeInterop.godot_string_name&, Godot.NativeInterop.NativeVariantPtrArgs, Godot.NativeInterop.godot_variant&) (/root/godot/modules/mono/glue/GodotSharp/GodotSharp/Generated/GodotObjects/Node.cs:2646)
       [6] bool Godot.CanvasItem.InvokeGodotClassMethod(Godot.NativeInterop.godot_string_name&, Godot.NativeInterop.NativeVariantPtrArgs, Godot.NativeInterop.godot_variant&) (/root/godot/modules/mono/glue/GodotSharp/GodotSharp/Generated/GodotObjects/CanvasItem.cs:1792)
       [7] bool Godot.Node2D.InvokeGodotClassMethod(Godot.NativeInterop.godot_string_name&, Godot.NativeInterop.NativeVariantPtrArgs, Godot.NativeInterop.godot_variant&) (/root/godot/modules/mono/glue/GodotSharp/GodotSharp/Generated/GodotObjects/Node2D.cs:557)
       [8] bool GameLogic.GameObject2D.InvokeGodotClassMethod(Godot.NativeInterop.godot_string_name&, Godot.NativeInterop.NativeVariantPtrArgs, Godot.NativeInterop.godot_variant&) (D:\Project\GitHub\yu\.godot\mono\temp\obj\Debug\Godot.SourceGenerators\Godot.SourceGenerators.ScriptMethodsGenerator\GameLogic.GameObject2D_ScriptMethods.generated.cs:150)
       [9] Godot.NativeInterop.godot_bool Godot.Bridge.CSharpInstanceBridge.Call(nint, Godot.NativeInterop.godot_string_name*, Godot.NativeInterop.godot_variant**, int, Godot.NativeInterop.godot_variant_call_error*, Godot.NativeInterop.godot_variant*) (/root/godot/modules/mono/glue/GodotSharp/GodotSharp/Core/Bridge/CSharpInstanceBridge.cs:24)
       [10] void Godot.NativeInterop.NativeFuncs.godotsharp_method_bind_ptrcall(nint, nint, System.Void**, System.Void*) (/root/godot/modules/mono/glue/GodotSharp/GodotSharp/Godot.SourceGenerators.Internal/Godot.SourceGenerators.Internal.UnmanagedCallbacksGenerator/Godot.NativeInterop.NativeFuncs.generated.cs:380)
       [11] void Godot.NativeCalls.godot_icall_3_882(nint, nint, nint, Godot.NativeInterop.godot_bool, int) (/root/godot/modules/mono/glue/GodotSharp/GodotSharp/Generated/NativeCalls.cs:7842)
       [12] void Godot.Node.AddChild(Godot.Node, bool, Godot.Node+InternalMode) (/root/godot/modules/mono/glue/GodotSharp/GodotSharp/Generated/GodotObjects/Node.cs:835)
       [13] void CharacterGraphRuntimeSmokeTest.VerifyLegacyAbilityPersistence(Godot.PackedScene, System.Text.Json.Nodes.JsonObject) (D:\Project\GitHub\yu\scripts\test\CharacterGraphRuntimeSmokeTest.cs:313)
       [14] void CharacterGraphRuntimeSmokeTest.Run() (D:\Project\GitHub\yu\scripts\test\CharacterGraphRuntimeSmokeTest.cs:151)
       [15] void CharacterGraphRuntimeSmokeTest._Ready() (D:\Project\GitHub\yu\scripts\test\CharacterGraphRuntimeSmokeTest.cs:15)
       [16] bool Godot.Node.InvokeGodotClassMethod(Godot.NativeInterop.godot_string_name&, Godot.NativeInterop.NativeVariantPtrArgs, Godot.NativeInterop.godot_variant&) (/root/godot/modules/mono/glue/GodotSharp/GodotSharp/Generated/GodotObjects/Node.cs:2646)
       [17] bool CharacterGraphRuntimeSmokeTest.InvokeGodotClassMethod(Godot.NativeInterop.godot_string_name&, Godot.NativeInterop.NativeVariantPtrArgs, Godot.NativeInterop.godot_variant&) (D:\Project\GitHub\yu\.godot\mono\temp\obj\Debug\Godot.SourceGenerators\Godot.SourceGenerators.ScriptMethodsGenerator\CharacterGraphRuntimeSmokeTest_ScriptMethods.generated.cs:138)
       [18] Godot.NativeInterop.godot_bool Godot.Bridge.CSharpInstanceBridge.Call(nint, Godot.NativeInterop.godot_string_name*, Godot.NativeInterop.godot_variant**, int, Godot.NativeInterop.godot_variant_call_error*, Godot.NativeInterop.godot_variant*) (/root/godot/modules/mono/glue/GodotSharp/GodotSharp/Core/Bridge/CSharpInstanceBridge.cs:24)
[INFO] GameObject 'ai_runner' is ready. Ensuring PersistentId and initializing components.
WARNING: [GraphBlackboardRuntime] No GraphBlackboardNode was found. Global blackboard reads will use defaults.
   at: GraphBlackboardRuntime..ctor(GraphBlackboardNode) (res://addons/GraphPlugin/runtime/blackboard/GraphBlackboardRuntime.cs:43)
   C# backtrace (most recent call first):
       [0] void Godot.GD.PushWarning(string) (/root/godot/modules/mono/glue/GodotSharp/GodotSharp/Core/GD.cs:396)
       [1] GraphBlackboardRuntime..ctor(GraphBlackboardNode) (D:\Project\GitHub\yu\addons\GraphPlugin\runtime\blackboard\GraphBlackboardRuntime.cs:43)
       [2] BehaviorTreeRuntime..ctor(BehaviorTreeGraphAsset, GraphExecutionContext) (D:\Project\GitHub\yu\addons\GraphPlugin\runtime\behavior_tree\BehaviorTreeRuntime.cs:15)
       [3] void GameLogic.SimpleAICharacterControllerComponent2D.OnInit() (D:\Project\GitHub\yu\scripts\gamelogic\ai\SimpleAICharacterControllerComponent2D.cs:79)
       [4] void GameLogic.GameObject2D._Ready() (D:\Project\GitHub\yu\scripts\gamelogic\gameobject\GameObject2D.cs:126)
       [5] bool Godot.Node.InvokeGodotClassMethod(Godot.NativeInterop.godot_string_name&, Godot.NativeInterop.NativeVariantPtrArgs, Godot.NativeInterop.godot_variant&) (/root/godot/modules/mono/glue/GodotSharp/GodotSharp/Generated/GodotObjects/Node.cs:2646)
       [6] bool Godot.CanvasItem.InvokeGodotClassMethod(Godot.NativeInterop.godot_string_name&, Godot.NativeInterop.NativeVariantPtrArgs, Godot.NativeInterop.godot_variant&) (/root/godot/modules/mono/glue/GodotSharp/GodotSharp/Generated/GodotObjects/CanvasItem.cs:1792)
       [7] bool Godot.Node2D.InvokeGodotClassMethod(Godot.NativeInterop.godot_string_name&, Godot.NativeInterop.NativeVariantPtrArgs, Godot.NativeInterop.godot_variant&) (/root/godot/modules/mono/glue/GodotSharp/GodotSharp/Generated/GodotObjects/Node2D.cs:557)
       [8] bool GameLogic.GameObject2D.InvokeGodotClassMethod(Godot.NativeInterop.godot_string_name&, Godot.NativeInterop.NativeVariantPtrArgs, Godot.NativeInterop.godot_variant&) (D:\Project\GitHub\yu\.godot\mono\temp\obj\Debug\Godot.SourceGenerators\Godot.SourceGenerators.ScriptMethodsGenerator\GameLogic.GameObject2D_ScriptMethods.generated.cs:150)
       [9] Godot.NativeInterop.godot_bool Godot.Bridge.CSharpInstanceBridge.Call(nint, Godot.NativeInterop.godot_string_name*, Godot.NativeInterop.godot_variant**, int, Godot.NativeInterop.godot_variant_call_error*, Godot.NativeInterop.godot_variant*) (/root/godot/modules/mono/glue/GodotSharp/GodotSharp/Core/Bridge/CSharpInstanceBridge.cs:24)
       [10] void Godot.NativeInterop.NativeFuncs.godotsharp_method_bind_ptrcall(nint, nint, System.Void**, System.Void*) (/root/godot/modules/mono/glue/GodotSharp/GodotSharp/Godot.SourceGenerators.Internal/Godot.SourceGenerators.Internal.UnmanagedCallbacksGenerator/Godot.NativeInterop.NativeFuncs.generated.cs:380)
       [11] void Godot.NativeCalls.godot_icall_3_882(nint, nint, nint, Godot.NativeInterop.godot_bool, int) (/root/godot/modules/mono/glue/GodotSharp/GodotSharp/Generated/NativeCalls.cs:7842)
       [12] void Godot.Node.AddChild(Godot.Node, bool, Godot.Node+InternalMode) (/root/godot/modules/mono/glue/GodotSharp/GodotSharp/Generated/GodotObjects/Node.cs:835)
       [13] void CharacterGraphRuntimeSmokeTest.VerifyAiScene() (D:\Project\GitHub\yu\scripts\test\CharacterGraphRuntimeSmokeTest.cs:299)
       [14] void CharacterGraphRuntimeSmokeTest.Run() (D:\Project\GitHub\yu\scripts\test\CharacterGraphRuntimeSmokeTest.cs:153)
       [15] void CharacterGraphRuntimeSmokeTest._Ready() (D:\Project\GitHub\yu\scripts\test\CharacterGraphRuntimeSmokeTest.cs:15)
       [16] bool Godot.Node.InvokeGodotClassMethod(Godot.NativeInterop.godot_string_name&, Godot.NativeInterop.NativeVariantPtrArgs, Godot.NativeInterop.godot_variant&) (/root/godot/modules/mono/glue/GodotSharp/GodotSharp/Generated/GodotObjects/Node.cs:2646)
       [17] bool CharacterGraphRuntimeSmokeTest.InvokeGodotClassMethod(Godot.NativeInterop.godot_string_name&, Godot.NativeInterop.NativeVariantPtrArgs, Godot.NativeInterop.godot_variant&) (D:\Project\GitHub\yu\.godot\mono\temp\obj\Debug\Godot.SourceGenerators\Godot.SourceGenerators.ScriptMethodsGenerator\CharacterGraphRuntimeSmokeTest_ScriptMethods.generated.cs:138)
       [18] Godot.NativeInterop.godot_bool Godot.Bridge.CSharpInstanceBridge.Call(nint, Godot.NativeInterop.godot_string_name*, Godot.NativeInterop.godot_variant**, int, Godot.NativeInterop.godot_variant_call_error*, Godot.NativeInterop.godot_variant*) (/root/godot/modules/mono/glue/GodotSharp/GodotSharp/Core/Bridge/CSharpInstanceBridge.cs:24)
[CharacterGraphRuntimeSmokeTest] PASS
[INFO] GameObject '@Node2D@2' exiting tree, destroying components.
[INFO] GameObject 'AIRunner' exiting tree, destroying components.
[INFO] GameObject 'Player' exiting tree, destroying components.
